------------------------------------------------------------
Timing Analyzer Summary
------------------------------------------------------------

Type  : Slow 1100mV 85C Model Setup 'clock'
Slack : -4.625
TNS   : -69.680

Type  : Slow 1100mV 85C Model Hold 'clock'
Slack : 0.461
TNS   : 0.000

Type  : Slow 1100mV 85C Model Minimum Pulse Width 'clock'
Slack : -0.538
TNS   : -18.637

Type  : Slow 1100mV 0C Model Setup 'clock'
Slack : -4.773
TNS   : -68.982

Type  : Slow 1100mV 0C Model Hold 'clock'
Slack : 0.490
TNS   : 0.000

Type  : Slow 1100mV 0C Model Minimum Pulse Width 'clock'
Slack : -0.538
TNS   : -18.966

Type  : Fast 1100mV 85C Model Setup 'clock'
Slack : -1.644
TNS   : -22.887

Type  : Fast 1100mV 85C Model Hold 'clock'
Slack : 0.181
TNS   : 0.000

Type  : Fast 1100mV 85C Model Minimum Pulse Width 'clock'
Slack : -0.100
TNS   : -2.262

Type  : Fast 1100mV 0C Model Setup 'clock'
Slack : -1.470
TNS   : -19.392

Type  : Fast 1100mV 0C Model Hold 'clock'
Slack : 0.172
TNS   : 0.000

Type  : Fast 1100mV 0C Model Minimum Pulse Width 'clock'
Slack : -0.101
TNS   : -2.299

------------------------------------------------------------
